// Jest Snapshot v1, https://goo.gl/fbAQLP

exports[`<MainText/> matches snpashot 1`] = `"<div class=\\"MainText__StyledMainText-sc-17zmbb-0 dgfvXV\\"><textarea rows=\\"10\\" font-size=\\"1.2rem\\" placeholder=\\"Contents\\" class=\\"Textarea__StyledTextArea-o90l14-0 kGrAoo\\"></textarea><span color=\\"black\\" width=\\"auto\\" display=\\"inline\\" class=\\"Span__StyledSpan-sc-10y5m6u-0 jaanRG normal\\">0/500</span></div>"`;
