// Jest Snapshot v1, https://goo.gl/fbAQLP

exports[`<TitleText/> matches snpashot 1`] = `"<div class=\\"TitleText__StyledTitleText-sc-5531il-0 bvunhV\\"><textarea rows=\\"2\\" font-size=\\"2rem\\" placeholder=\\"Title\\" class=\\"Textarea__StyledTextArea-o90l14-0 duiURD\\">Work</textarea><div class=\\"TitleText__Count-sc-5531il-1 hyqDxi\\"><span color=\\"black\\" width=\\"auto\\" display=\\"inline\\" class=\\"Span__StyledSpan-sc-10y5m6u-0 jaanRG normal\\">4/40</span></div></div>"`;
